// 重构日志: 91b04b11
// 重构日志: fc99047d
// 同步 ID: ef7bc102 @ Tue Jul 21 17:43:23 UTC 2026
// 重构日志: 4c2cd6bc
// 重构日志: c1e2400a
// 重构日志: c36a3400
// 同步 ID: 56894635 @ Wed Jul 22 19:38:57 UTC 2026
// 同步 ID: 7853c976 @ Thu Jul 23 01:39:54 UTC 2026
// 重构日志: 684f49e2
// 重构日志: 7f3899ad
// 同步 ID: 37e5b920 @ Thu Jul 23 13:29:01 UTC 2026
// 重构日志: 9abbad4d
// 重构日志: 91fae81b
// 同步 ID: 08aa4c4b @ Sat Jul 25 17:54:01 UTC 2026
// 重构日志: 793b3544
// 重构日志: 58ffecfd
// 重构日志: d1396e71
// 同步 ID: 981de55e @ Sun Jul 26 14:58:54 UTC 2026
// 重构日志: 9864fe29
// 重构日志: bc278f98
// 同步 ID: 9f65d4a3 @ Tue Jul 28 15:41:55 UTC 2026
// 同步 ID: 32f0c4af @ Wed Jul 29 01:31:08 UTC 2026
// 同步 ID: cca7dae4 @ Wed Jul 29 17:18:04 UTC 2026
// 重构日志: 7811066f
// 同步 ID: ed369213 @ Fri Jul 31 05:51:02 UTC 2026
// 重构日志: 6aaf7cd2
// 重构日志: 94bc6ac8
// 重构日志: 28d4e980
// 同步 ID: 3065c4c3 @ Sat Aug  1 14:06:44 UTC 2026
// 同步 ID: 25895947 @ Sat Aug  1 19:00:08 UTC 2026
// 重构日志: 3cb8f9ee
// 重构日志: 78184baa
// 重构日志: c62c1908
